// Vitest Snapshot v1, https://vitest.dev/guide/snapshot.html

exports[`ModuleGraph > snapshot > should match snapshot for circular dependency graph 1`] = `
{
  "<fixtures>/circularA.ts": {
    "dependencies": {
      "<fixtures>/circularB.ts": {
        "dependencies": {
          "<fixtures>/circularA.ts": {
            "_circular": true,
          },
        },
      },
    },
  },
  "<fixtures>/circularB.ts": {
    "dependencies": {
      "<fixtures>/circularA.ts": {
        "dependencies": {
          "<fixtures>/circularB.ts": {
            "_circular": true,
          },
        },
      },
    },
  },
}
`;

exports[`ModuleGraph > snapshot > should match snapshot for entry dependency graph 1`] = `
{
  "<fixtures>/bar.ts": {
    "dependencies": {
      "<fixtures>/utils.ts": {},
    },
  },
  "<fixtures>/entry.ts": {
    "dependencies": {
      "<fixtures>/bar.ts": {
        "dependencies": {
          "<fixtures>/utils.ts": {},
        },
      },
      "<fixtures>/foo.ts": {},
      "<fixtures>/utils.ts": {
        "_circular": true,
      },
    },
  },
  "<fixtures>/foo.ts": {},
  "<fixtures>/utils.ts": {},
}
`;
